// Jest Snapshot v1, https://goo.gl/fbAQLP

exports[`filters users by name 1`] = `
<table>
  <thead>
    <tr>
      <th>
        Name
      </th>
      <th>
        Email
      </th>
      <th>
        City
      </th>
      <th>
        Company
      </th>
    </tr>
  </thead>
  <tbody>
    <tr>
      <td>
        Name 1
      </td>
      <td>
        email1@example.com
      </td>
      <td>
        City 1
      </td>
      <td>
        Company 1
      </td>
    </tr>
    <tr>
      <td>
        Name 2
      </td>
      <td>
        email2@example.com
      </td>
      <td>
        City 2
      </td>
      <td>
        Company 2
      </td>
    </tr>
    <tr>
      <td>
        Name 3
      </td>
      <td>
        email3@example.com
      </td>
      <td>
        City 3
      </td>
      <td>
        Company 3
      </td>
    </tr>
  </tbody>
</table>
`;
